[2026-01-31 14:24:18] Training started at 20260131_142416
[2026-01-31 14:24:18] Device: cpu
[2026-01-31 14:24:18] Log file: D:\M.Tech_BITS\Semester 4\Code\Lann\LA-NN-Project\src\..\logs\training_20260131_142416.log
[2026-01-31 14:24:18] Metrics file: D:\M.Tech_BITS\Semester 4\Code\Lann\LA-NN-Project\src\..\logs\metrics_20260131_142416.csv
[2026-01-31 14:24:18] Class weights: [  1.  30.  15. 100.  15.]
[2026-01-31 14:24:22] Starting training on cpu...
[2026-01-31 14:24:22] Total epochs: 30
[2026-01-31 14:24:22] Batch size: 64
[2026-01-31 14:24:22] Learning rate: 0.0015
[2026-01-31 14:24:22] Training samples: 75082
[2026-01-31 14:24:22] Validation samples: 16089
[2026-01-31 14:24:22] ============================================================
[2026-01-31 14:26:16] Epoch 1 [Train]: Loss: 0.7209, Acc: 75.19%
[2026-01-31 14:26:23]   Class N: 91.94% (12462/13554)
[2026-01-31 14:26:23]   Class S: 65.71% (274/417)
[2026-01-31 14:26:23]   Class V: 85.49% (907/1061)
[2026-01-31 14:26:23]   Class F: 66.12% (80/121)
[2026-01-31 14:26:23]   Class Q: 99.04% (927/936)
[2026-01-31 14:26:23] Epoch 1 [Val]: Loss: 0.4781, Overall Acc: 91.06%
[2026-01-31 14:26:23] Learning Rate: 0.001463
[2026-01-31 14:26:23] Epoch Time: 121.1s, Total Time: 121.1s
[2026-01-31 14:26:23] ============================================================
[2026-01-31 14:26:23] ✓ Saved new best model (Acc: 91.06%) to D:\M.Tech_BITS\Semester 4\Code\Lann\LA-NN-Project\src\..\models_saved/la_nn_best.pth
[2026-01-31 14:29:05] Epoch 2 [Train]: Loss: 0.5104, Acc: 86.92%
[2026-01-31 14:29:16]   Class N: 75.83% (10278/13554)
[2026-01-31 14:29:16]   Class S: 58.99% (246/417)
[2026-01-31 14:29:16]   Class V: 94.06% (998/1061)
[2026-01-31 14:29:16]   Class F: 80.17% (97/121)
[2026-01-31 14:29:16]   Class Q: 99.79% (934/936)
[2026-01-31 14:29:16] Epoch 2 [Val]: Loss: 0.4814, Overall Acc: 78.02%
[2026-01-31 14:29:16] Learning Rate: 0.001357
[2026-01-31 14:29:16] Epoch Time: 173.4s, Total Time: 294.6s
[2026-01-31 14:29:16] ============================================================
[2026-01-31 14:31:54] Epoch 3 [Train]: Loss: 0.4108, Acc: 91.56%
[2026-01-31 14:32:01]   Class N: 83.95% (11379/13554)
[2026-01-31 14:32:01]   Class S: 84.41% (352/417)
[2026-01-31 14:32:01]   Class V: 91.23% (968/1061)
[2026-01-31 14:32:01]   Class F: 86.78% (105/121)
[2026-01-31 14:32:01]   Class Q: 98.61% (923/936)
[2026-01-31 14:32:01] Epoch 3 [Val]: Loss: 0.3300, Overall Acc: 85.32%
[2026-01-31 14:32:01] Learning Rate: 0.001191
[2026-01-31 14:32:01] Epoch Time: 164.3s, Total Time: 458.9s
[2026-01-31 14:32:01] ============================================================
[2026-01-31 14:33:55] Epoch 4 [Train]: Loss: 0.3709, Acc: 93.02%
[2026-01-31 14:34:02]   Class N: 92.19% (12496/13554)
[2026-01-31 14:34:02]   Class S: 85.85% (358/417)
[2026-01-31 14:34:02]   Class V: 94.34% (1001/1061)
[2026-01-31 14:34:02]   Class F: 78.51% (95/121)
[2026-01-31 14:34:02]   Class Q: 99.68% (933/936)
[2026-01-31 14:34:02] Epoch 4 [Val]: Loss: 0.2775, Overall Acc: 92.50%
[2026-01-31 14:34:02] Learning Rate: 0.000982
[2026-01-31 14:34:02] Epoch Time: 121.5s, Total Time: 580.4s
[2026-01-31 14:34:02] ============================================================
[2026-01-31 14:34:02] ✓ Saved new best model (Acc: 92.50%) to D:\M.Tech_BITS\Semester 4\Code\Lann\LA-NN-Project\src\..\models_saved/la_nn_best.pth
[2026-01-31 14:36:48] Epoch 5 [Train]: Loss: 0.3362, Acc: 94.20%
[2026-01-31 14:37:00]   Class N: 96.93% (13138/13554)
[2026-01-31 14:37:00]   Class S: 72.90% (304/417)
[2026-01-31 14:37:00]   Class V: 97.36% (1033/1061)
[2026-01-31 14:37:00]   Class F: 79.34% (96/121)
[2026-01-31 14:37:00]   Class Q: 99.68% (933/936)
[2026-01-31 14:37:00] Epoch 5 [Val]: Loss: 0.2855, Overall Acc: 96.36%
[2026-01-31 14:37:00] Learning Rate: 0.000750
[2026-01-31 14:37:00] Epoch Time: 177.7s, Total Time: 758.0s
[2026-01-31 14:37:00] ============================================================
[2026-01-31 14:37:00] ✓ Saved new best model (Acc: 96.36%) to D:\M.Tech_BITS\Semester 4\Code\Lann\LA-NN-Project\src\..\models_saved/la_nn_best.pth
[2026-01-31 14:38:55] Epoch 6 [Train]: Loss: 0.3179, Acc: 94.90%
[2026-01-31 14:39:02]   Class N: 92.15% (12490/13554)
[2026-01-31 14:39:02]   Class S: 83.69% (349/417)
[2026-01-31 14:39:02]   Class V: 93.97% (997/1061)
[2026-01-31 14:39:02]   Class F: 87.60% (106/121)
[2026-01-31 14:39:02]   Class Q: 99.79% (934/936)
[2026-01-31 14:39:02] Epoch 6 [Val]: Loss: 0.2399, Overall Acc: 92.46%
[2026-01-31 14:39:02] Learning Rate: 0.000518
[2026-01-31 14:39:02] Epoch Time: 122.5s, Total Time: 880.5s
[2026-01-31 14:39:02] ============================================================
[2026-01-31 14:41:11] Epoch 7 [Train]: Loss: 0.2869, Acc: 95.47%
[2026-01-31 14:41:18]   Class N: 96.44% (13071/13554)
[2026-01-31 14:41:18]   Class S: 81.77% (341/417)
[2026-01-31 14:41:18]   Class V: 97.17% (1031/1061)
[2026-01-31 14:41:18]   Class F: 79.34% (96/121)
[2026-01-31 14:41:18]   Class Q: 99.79% (934/936)
[2026-01-31 14:41:18] Epoch 7 [Val]: Loss: 0.2617, Overall Acc: 96.17%
[2026-01-31 14:41:18] Learning Rate: 0.000309
[2026-01-31 14:41:18] Epoch Time: 135.4s, Total Time: 1015.9s
[2026-01-31 14:41:18] ============================================================
[2026-01-31 14:43:18] Epoch 8 [Train]: Loss: 0.2783, Acc: 95.98%
[2026-01-31 14:43:25]   Class N: 97.59% (13227/13554)
[2026-01-31 14:43:25]   Class S: 82.01% (342/417)
[2026-01-31 14:43:25]   Class V: 97.27% (1032/1061)
[2026-01-31 14:43:25]   Class F: 79.34% (96/121)
[2026-01-31 14:43:25]   Class Q: 99.47% (931/936)
[2026-01-31 14:43:25] Epoch 8 [Val]: Loss: 0.2408, Overall Acc: 97.13%
[2026-01-31 14:43:25] Learning Rate: 0.000143
[2026-01-31 14:43:25] Epoch Time: 127.8s, Total Time: 1143.7s
[2026-01-31 14:43:25] ============================================================
[2026-01-31 14:43:25] ✓ Saved new best model (Acc: 97.13%) to D:\M.Tech_BITS\Semester 4\Code\Lann\LA-NN-Project\src\..\models_saved/la_nn_best.pth
