[2026-01-29 23:18:11] Training started at 20260129_231811
[2026-01-29 23:18:11] Device: cpu
[2026-01-29 23:18:11] Log file: d:\M.Tech_BITS\Semester 4\Code\Lann\LA-NN-Project\src\..\logs\training_20260129_231811.log
[2026-01-29 23:18:11] Metrics file: d:\M.Tech_BITS\Semester 4\Code\Lann\LA-NN-Project\src\..\logs\metrics_20260129_231811.csv
[2026-01-29 23:18:11] Class weights: [  1.  30.  15. 100.  15.]
[2026-01-29 23:18:19] Starting training on cpu...
[2026-01-29 23:18:19] Total epochs: 30
[2026-01-29 23:18:19] Batch size: 64
[2026-01-29 23:18:19] Learning rate: 0.0015
[2026-01-29 23:18:19] Training samples: 75082
[2026-01-29 23:18:19] Validation samples: 16089
[2026-01-29 23:18:19] ============================================================
[2026-01-30 00:51:59] Epoch 1 [Train]: Loss: 0.9012, Acc: 60.42%
[2026-01-30 00:54:48]   Class N: 81.50% (11047/13554)
[2026-01-30 00:54:48]   Class S: 73.86% (308/417)
[2026-01-30 00:54:48]   Class V: 80.96% (859/1061)
[2026-01-30 00:54:48]   Class F: 9.09% (11/121)
[2026-01-30 00:54:48]   Class Q: 90.06% (843/936)
[2026-01-30 00:54:48] Epoch 1 [Val]: Loss: 0.7527, Overall Acc: 81.22%
[2026-01-30 00:54:48] Learning Rate: 0.001463
[2026-01-30 00:54:48] Epoch Time: 5788.7s, Total Time: 5788.8s
[2026-01-30 00:54:48] ============================================================
[2026-01-30 00:54:49] ✓ Saved new best model (Acc: 81.22%) to d:\M.Tech_BITS\Semester 4\Code\Lann\LA-NN-Project\src\..\models_saved/la_nn_best.pth
[2026-01-30 02:11:54] Epoch 2 [Train]: Loss: 0.5812, Acc: 84.15%
[2026-01-30 02:14:40]   Class N: 97.20% (13175/13554)
[2026-01-30 02:14:40]   Class S: 58.99% (246/417)
[2026-01-30 02:14:40]   Class V: 82.85% (879/1061)
[2026-01-30 02:14:40]   Class F: 59.50% (72/121)
[2026-01-30 02:14:40]   Class Q: 92.20% (863/936)
[2026-01-30 02:14:40] Epoch 2 [Val]: Loss: 0.6429, Overall Acc: 94.69%
[2026-01-30 02:14:40] Learning Rate: 0.001357
[2026-01-30 02:14:40] Epoch Time: 4791.4s, Total Time: 10580.8s
[2026-01-30 02:14:40] ============================================================
[2026-01-30 02:14:40] ✓ Saved new best model (Acc: 94.69%) to d:\M.Tech_BITS\Semester 4\Code\Lann\LA-NN-Project\src\..\models_saved/la_nn_best.pth
[2026-01-30 03:30:02] Epoch 3 [Train]: Loss: 0.4391, Acc: 89.12%
[2026-01-30 03:32:49]   Class N: 93.66% (12695/13554)
[2026-01-30 03:32:49]   Class S: 72.18% (301/417)
[2026-01-30 03:32:49]   Class V: 89.54% (950/1061)
[2026-01-30 03:32:49]   Class F: 74.38% (90/121)
[2026-01-30 03:32:49]   Class Q: 97.86% (916/936)
[2026-01-30 03:32:49] Epoch 3 [Val]: Loss: 0.3907, Overall Acc: 92.93%
[2026-01-30 03:32:49] Learning Rate: 0.001191
[2026-01-30 03:32:49] Epoch Time: 4688.9s, Total Time: 15270.1s
[2026-01-30 03:32:49] ============================================================
[2026-01-30 04:48:02] Epoch 4 [Train]: Loss: 0.3688, Acc: 91.59%
[2026-01-30 04:50:46]   Class N: 91.35% (12381/13554)
[2026-01-30 04:50:46]   Class S: 85.61% (357/417)
[2026-01-30 04:50:46]   Class V: 92.27% (979/1061)
[2026-01-30 04:50:46]   Class F: 88.43% (107/121)
[2026-01-30 04:50:46]   Class Q: 97.97% (917/936)
[2026-01-30 04:50:46] Epoch 4 [Val]: Loss: 0.2532, Overall Acc: 91.62%
[2026-01-30 04:50:46] Learning Rate: 0.000982
[2026-01-30 04:50:46] Epoch Time: 4676.2s, Total Time: 19946.3s
[2026-01-30 04:50:46] ============================================================
[2026-01-30 06:05:54] Epoch 5 [Train]: Loss: 0.3206, Acc: 92.95%
[2026-01-30 06:08:42]   Class N: 95.50% (12944/13554)
[2026-01-30 06:08:42]   Class S: 85.61% (357/417)
[2026-01-30 06:08:42]   Class V: 92.84% (985/1061)
[2026-01-30 06:08:42]   Class F: 74.38% (90/121)
[2026-01-30 06:08:42]   Class Q: 98.29% (920/936)
[2026-01-30 06:08:42] Epoch 5 [Val]: Loss: 0.3288, Overall Acc: 95.07%
[2026-01-30 06:08:42] Learning Rate: 0.000750
[2026-01-30 06:08:42] Epoch Time: 4676.4s, Total Time: 24622.7s
[2026-01-30 06:08:42] ============================================================
[2026-01-30 06:08:42] ✓ Saved new best model (Acc: 95.07%) to d:\M.Tech_BITS\Semester 4\Code\Lann\LA-NN-Project\src\..\models_saved/la_nn_best.pth
[2026-01-30 07:24:48] Epoch 6 [Train]: Loss: 0.2969, Acc: 94.00%
[2026-01-30 07:27:33]   Class N: 94.19% (12766/13554)
[2026-01-30 07:27:33]   Class S: 83.69% (349/417)
[2026-01-30 07:27:33]   Class V: 97.08% (1030/1061)
[2026-01-30 07:27:33]   Class F: 80.17% (97/121)
[2026-01-30 07:27:33]   Class Q: 98.08% (918/936)
[2026-01-30 07:27:33] Epoch 6 [Val]: Loss: 0.2438, Overall Acc: 94.23%
[2026-01-30 07:27:33] Learning Rate: 0.000518
[2026-01-30 07:27:33] Epoch Time: 4731.5s, Total Time: 29354.2s
[2026-01-30 07:27:33] ============================================================
[2026-01-30 08:43:28] Epoch 7 [Train]: Loss: 0.2570, Acc: 94.81%
[2026-01-30 08:46:15]   Class N: 94.51% (12810/13554)
[2026-01-30 08:46:15]   Class S: 81.06% (338/417)
[2026-01-30 08:46:15]   Class V: 97.55% (1035/1061)
[2026-01-30 08:46:15]   Class F: 82.64% (100/121)
[2026-01-30 08:46:15]   Class Q: 98.18% (919/936)
[2026-01-30 08:46:15] Epoch 7 [Val]: Loss: 0.2476, Overall Acc: 94.49%
[2026-01-30 08:46:15] Learning Rate: 0.000309
[2026-01-30 08:46:15] Epoch Time: 4721.4s, Total Time: 34075.6s
[2026-01-30 08:46:15] ============================================================
[2026-01-30 10:03:09] Epoch 8 [Train]: Loss: 0.2276, Acc: 95.25%
[2026-01-30 10:06:11]   Class N: 94.81% (12851/13554)
[2026-01-30 10:06:11]   Class S: 88.01% (367/417)
[2026-01-30 10:06:11]   Class V: 96.23% (1021/1061)
[2026-01-30 10:06:11]   Class F: 84.30% (102/121)
[2026-01-30 10:06:11]   Class Q: 99.04% (927/936)
[2026-01-30 10:06:11] Epoch 8 [Val]: Loss: 0.2195, Overall Acc: 94.90%
[2026-01-30 10:06:11] Learning Rate: 0.000143
[2026-01-30 10:06:11] Epoch Time: 4796.2s, Total Time: 38871.8s
[2026-01-30 10:06:11] ============================================================
[2026-01-30 11:24:02] Epoch 9 [Train]: Loss: 0.2094, Acc: 95.65%
[2026-01-30 11:26:48]   Class N: 95.88% (12996/13554)
[2026-01-30 11:26:48]   Class S: 86.57% (361/417)
[2026-01-30 11:26:48]   Class V: 96.61% (1025/1061)
[2026-01-30 11:26:48]   Class F: 85.12% (103/121)
[2026-01-30 11:26:48]   Class Q: 99.15% (928/936)
[2026-01-30 11:26:48] Epoch 9 [Val]: Loss: 0.2088, Overall Acc: 95.80%
[2026-01-30 11:26:49] Learning Rate: 0.000037
[2026-01-30 11:26:49] Epoch Time: 4837.1s, Total Time: 43708.9s
[2026-01-30 11:26:49] ============================================================
[2026-01-30 11:26:49] ✓ Saved new best model (Acc: 95.80%) to d:\M.Tech_BITS\Semester 4\Code\Lann\LA-NN-Project\src\..\models_saved/la_nn_best.pth
[2026-01-30 12:44:14] Epoch 10 [Train]: Loss: 0.1914, Acc: 96.04%
[2026-01-30 12:47:02]   Class N: 95.77% (12980/13554)
[2026-01-30 12:47:02]   Class S: 86.81% (362/417)
[2026-01-30 12:47:02]   Class V: 96.89% (1028/1061)
[2026-01-30 12:47:02]   Class F: 85.95% (104/121)
[2026-01-30 12:47:02]   Class Q: 99.15% (928/936)
[2026-01-30 12:47:02] Epoch 10 [Val]: Loss: 0.2034, Overall Acc: 95.73%
[2026-01-30 12:47:03] Learning Rate: 0.001500
[2026-01-30 12:47:03] Epoch Time: 4813.6s, Total Time: 48523.0s
[2026-01-30 12:47:03] ============================================================
[2026-01-30 12:47:03] ✓ Saved checkpoint to d:\M.Tech_BITS\Semester 4\Code\Lann\LA-NN-Project\src\..\models_saved/la_nn_epoch_10.pth
[2026-01-30 14:07:57] Epoch 11 [Train]: Loss: 0.3090, Acc: 93.64%
[2026-01-30 14:11:10]   Class N: 93.85% (12721/13554)
[2026-01-30 14:11:10]   Class S: 87.53% (365/417)
[2026-01-30 14:11:10]   Class V: 93.87% (996/1061)
[2026-01-30 14:11:10]   Class F: 77.69% (94/121)
[2026-01-30 14:11:10]   Class Q: 98.93% (926/936)
[2026-01-30 14:11:10] Epoch 11 [Val]: Loss: 0.3022, Overall Acc: 93.87%
[2026-01-30 14:11:11] Learning Rate: 0.001491
[2026-01-30 14:11:11] Epoch Time: 5047.9s, Total Time: 53571.3s
[2026-01-30 14:11:11] ============================================================
