[2026-01-31 15:42:13] Training started at 20260131_154213
[2026-01-31 15:42:13] Device: cpu
[2026-01-31 15:42:13] Log file: D:\M.Tech_BITS\Semester 4\Code\Lann\LA-NN-Project\src\..\logs\training_20260131_154213.log
[2026-01-31 15:42:13] Metrics file: D:\M.Tech_BITS\Semester 4\Code\Lann\LA-NN-Project\src\..\logs\metrics_20260131_154213.csv
[2026-01-31 15:42:13] Class weights: [  1.  30.  15. 100.  15.]
[2026-01-31 15:42:13] Starting training on cpu...
[2026-01-31 15:42:13] Total epochs: 10
[2026-01-31 15:42:13] Batch size: 64
[2026-01-31 15:42:13] Learning rate: 0.0015
[2026-01-31 15:42:13] Training samples: 75082
[2026-01-31 15:42:13] Validation samples: 16089
[2026-01-31 15:42:13] ============================================================
[2026-01-31 15:57:01] Epoch 1 [Train]: Loss: 0.9719, Acc: 56.97%
[2026-01-31 15:57:16]   Class N: 75.42% (10222/13554)
[2026-01-31 15:57:16]   Class S: 60.43% (252/417)
[2026-01-31 15:57:16]   Class V: 84.83% (900/1061)
[2026-01-31 15:57:16]   Class F: 14.88% (18/121)
[2026-01-31 15:57:16]   Class Q: 48.18% (451/936)
[2026-01-31 15:57:16] Epoch 1 [Val]: Loss: 1.3635, Overall Acc: 73.61%
[2026-01-31 15:57:16] Learning Rate: 0.001463
[2026-01-31 15:57:16] Epoch Time: 903.0s, Total Time: 903.0s
[2026-01-31 15:57:16] ============================================================
[2026-01-31 15:57:16] ✓ Saved new best model (Acc: 73.61%) to D:\M.Tech_BITS\Semester 4\Code\Lann\LA-NN-Project\src\..\models_saved/la_nn_best.pth
[2026-01-31 16:12:08] Epoch 2 [Train]: Loss: 0.8145, Acc: 64.87%
[2026-01-31 16:12:23]   Class N: 83.69% (11344/13554)
[2026-01-31 16:12:23]   Class S: 62.11% (259/417)
[2026-01-31 16:12:23]   Class V: 87.75% (931/1061)
[2026-01-31 16:12:23]   Class F: 2.48% (3/121)
[2026-01-31 16:12:23]   Class Q: 47.44% (444/936)
[2026-01-31 16:12:23] Epoch 2 [Val]: Loss: 1.2736, Overall Acc: 80.68%
[2026-01-31 16:12:23] Learning Rate: 0.001357
[2026-01-31 16:12:23] Epoch Time: 906.3s, Total Time: 1809.3s
[2026-01-31 16:12:23] ============================================================
[2026-01-31 16:12:23] ✓ Saved new best model (Acc: 80.68%) to D:\M.Tech_BITS\Semester 4\Code\Lann\LA-NN-Project\src\..\models_saved/la_nn_best.pth
[2026-01-31 16:27:24] Epoch 3 [Train]: Loss: 0.7334, Acc: 74.36%
[2026-01-31 16:27:40]   Class N: 76.41% (10356/13554)
[2026-01-31 16:27:40]   Class S: 68.11% (284/417)
[2026-01-31 16:27:40]   Class V: 86.15% (914/1061)
[2026-01-31 16:27:40]   Class F: 47.11% (57/121)
[2026-01-31 16:27:40]   Class Q: 60.79% (569/936)
[2026-01-31 16:27:40] Epoch 3 [Val]: Loss: 0.9023, Overall Acc: 75.70%
[2026-01-31 16:27:40] Learning Rate: 0.001191
[2026-01-31 16:27:40] Epoch Time: 917.0s, Total Time: 2726.3s
[2026-01-31 16:27:40] ============================================================
[2026-01-31 16:42:46] Epoch 4 [Train]: Loss: 0.6669, Acc: 79.49%
[2026-01-31 16:43:02]   Class N: 82.76% (11217/13554)
[2026-01-31 16:43:02]   Class S: 74.10% (309/417)
[2026-01-31 16:43:02]   Class V: 86.52% (918/1061)
[2026-01-31 16:43:02]   Class F: 53.72% (65/121)
[2026-01-31 16:43:02]   Class Q: 72.76% (681/936)
[2026-01-31 16:43:02] Epoch 4 [Val]: Loss: 0.6816, Overall Acc: 81.98%
[2026-01-31 16:43:02] Learning Rate: 0.000982
[2026-01-31 16:43:02] Epoch Time: 922.9s, Total Time: 3649.2s
[2026-01-31 16:43:02] ============================================================
[2026-01-31 16:43:02] ✓ Saved new best model (Acc: 81.98%) to D:\M.Tech_BITS\Semester 4\Code\Lann\LA-NN-Project\src\..\models_saved/la_nn_best.pth
[2026-01-31 16:56:47] Epoch 5 [Train]: Loss: 0.6212, Acc: 81.68%
[2026-01-31 16:57:06]   Class N: 88.62% (12012/13554)
[2026-01-31 16:57:06]   Class S: 61.63% (257/417)
[2026-01-31 16:57:06]   Class V: 89.16% (946/1061)
[2026-01-31 16:57:06]   Class F: 32.23% (39/121)
[2026-01-31 16:57:06]   Class Q: 84.08% (787/936)
[2026-01-31 16:57:06] Epoch 5 [Val]: Loss: 0.6757, Overall Acc: 87.27%
[2026-01-31 16:57:06] Learning Rate: 0.000750
[2026-01-31 16:57:06] Epoch Time: 843.7s, Total Time: 4492.9s
[2026-01-31 16:57:06] ============================================================
[2026-01-31 16:57:06] ✓ Saved new best model (Acc: 87.27%) to D:\M.Tech_BITS\Semester 4\Code\Lann\LA-NN-Project\src\..\models_saved/la_nn_best.pth
[2026-01-31 17:12:30] Epoch 6 [Train]: Loss: 0.5771, Acc: 83.32%
[2026-01-31 17:12:47]   Class N: 80.66% (10933/13554)
[2026-01-31 17:12:47]   Class S: 75.06% (313/417)
[2026-01-31 17:12:47]   Class V: 90.01% (955/1061)
[2026-01-31 17:12:47]   Class F: 44.63% (54/121)
[2026-01-31 17:12:47]   Class Q: 86.75% (812/936)
[2026-01-31 17:12:47] Epoch 6 [Val]: Loss: 0.6758, Overall Acc: 81.22%
[2026-01-31 17:12:47] Learning Rate: 0.000518
[2026-01-31 17:12:47] Epoch Time: 940.9s, Total Time: 5433.8s
[2026-01-31 17:12:47] ============================================================
[2026-01-31 17:28:56] Epoch 7 [Train]: Loss: 0.5413, Acc: 85.07%
[2026-01-31 17:29:12]   Class N: 83.55% (11325/13554)
[2026-01-31 17:29:12]   Class S: 75.54% (315/417)
[2026-01-31 17:29:12]   Class V: 91.42% (970/1061)
[2026-01-31 17:29:12]   Class F: 47.11% (57/121)
[2026-01-31 17:29:12]   Class Q: 81.20% (760/936)
[2026-01-31 17:29:12] Epoch 7 [Val]: Loss: 0.7182, Overall Acc: 83.45%
[2026-01-31 17:29:12] Learning Rate: 0.000309
[2026-01-31 17:29:12] Epoch Time: 985.2s, Total Time: 6419.0s
[2026-01-31 17:29:12] ============================================================
[2026-01-31 17:44:46] Epoch 8 [Train]: Loss: 0.5218, Acc: 86.70%
[2026-01-31 17:45:01]   Class N: 84.54% (11458/13554)
[2026-01-31 17:45:01]   Class S: 67.15% (280/417)
[2026-01-31 17:45:01]   Class V: 93.12% (988/1061)
[2026-01-31 17:45:01]   Class F: 42.98% (52/121)
[2026-01-31 17:45:01]   Class Q: 84.51% (791/936)
[2026-01-31 17:45:01] Epoch 8 [Val]: Loss: 0.7156, Overall Acc: 84.34%
[2026-01-31 17:45:02] Learning Rate: 0.000143
[2026-01-31 17:45:02] Epoch Time: 949.1s, Total Time: 7368.2s
[2026-01-31 17:45:02] ============================================================
[2026-01-31 18:00:45] Epoch 9 [Train]: Loss: 0.4870, Acc: 87.37%
[2026-01-31 18:01:02]   Class N: 88.89% (12048/13554)
[2026-01-31 18:01:02]   Class S: 58.27% (243/417)
[2026-01-31 18:01:02]   Class V: 92.84% (985/1061)
[2026-01-31 18:01:02]   Class F: 40.50% (49/121)
[2026-01-31 18:01:02]   Class Q: 85.15% (797/936)
[2026-01-31 18:01:02] Epoch 9 [Val]: Loss: 0.7897, Overall Acc: 87.77%
[2026-01-31 18:01:03] Learning Rate: 0.000037
[2026-01-31 18:01:03] Epoch Time: 959.9s, Total Time: 8329.0s
[2026-01-31 18:01:03] ============================================================
[2026-01-31 18:01:03] ✓ Saved new best model (Acc: 87.77%) to D:\M.Tech_BITS\Semester 4\Code\Lann\LA-NN-Project\src\..\models_saved/la_nn_best.pth
[2026-01-31 18:16:46] Epoch 10 [Train]: Loss: 0.4764, Acc: 88.24%
[2026-01-31 18:17:03]   Class N: 87.06% (11800/13554)
[2026-01-31 18:17:03]   Class S: 70.02% (292/417)
[2026-01-31 18:17:03]   Class V: 92.37% (980/1061)
[2026-01-31 18:17:03]   Class F: 52.89% (64/121)
[2026-01-31 18:17:03]   Class Q: 86.11% (806/936)
[2026-01-31 18:17:03] Epoch 10 [Val]: Loss: 0.6537, Overall Acc: 86.66%
[2026-01-31 18:17:05] Learning Rate: 0.001500
[2026-01-31 18:17:05] Epoch Time: 960.7s, Total Time: 9290.0s
[2026-01-31 18:17:05] ============================================================
[2026-01-31 18:17:05] ✓ Saved checkpoint to D:\M.Tech_BITS\Semester 4\Code\Lann\LA-NN-Project\src\..\models_saved/la_nn_epoch_10.pth
[2026-01-31 18:17:05] ============================================================
[2026-01-31 18:17:05] Training complete!
[2026-01-31 18:17:05] Best validation accuracy: 87.77% (Epoch 9)
[2026-01-31 18:17:05] Total training time: 9291.4s
[2026-01-31 18:17:05] Logs saved to: D:\M.Tech_BITS\Semester 4\Code\Lann\LA-NN-Project\src\..\logs\training_20260131_154213.log
[2026-01-31 18:17:05] Metrics saved to: D:\M.Tech_BITS\Semester 4\Code\Lann\LA-NN-Project\src\..\logs\metrics_20260131_154213.csv
