[2025-12-26 08:28:56] Training started at 20251226_082856
[2025-12-26 08:28:56] Device: cpu
[2025-12-26 08:28:56] Log file: D:\M.Tech_BITS\Semester 4\Code\Lann\LA-NN-Project\src\..\logs\training_20251226_082856.log
[2025-12-26 08:28:56] Metrics file: D:\M.Tech_BITS\Semester 4\Code\Lann\LA-NN-Project\src\..\logs\metrics_20251226_082856.csv
[2025-12-26 08:28:56] Class weights: [  1.  30.  15. 100.  15.]
[2025-12-26 08:28:58] Starting training on cpu...
[2025-12-26 08:28:58] Total epochs: 30
[2025-12-26 08:28:58] Batch size: 64
[2025-12-26 08:28:58] Learning rate: 0.0015
[2025-12-26 08:28:58] Training samples: 75082
[2025-12-26 08:28:58] Validation samples: 16089
[2025-12-26 08:28:58] ============================================================
[2025-12-26 09:09:22] Epoch 1 [Train]: Loss: 0.7286, Acc: 71.39%
[2025-12-26 09:11:54]   Class N: 82.87% (11232/13554)
[2025-12-26 09:11:54]   Class S: 77.94% (325/417)
[2025-12-26 09:11:54]   Class V: 95.66% (1015/1061)
[2025-12-26 09:11:54]   Class F: 74.38% (90/121)
[2025-12-26 09:11:54]   Class Q: 95.41% (893/936)
[2025-12-26 09:11:54] Epoch 1 [Val]: Loss: 0.3780, Overall Acc: 84.25%
[2025-12-26 09:11:54] Learning Rate: 0.001463
[2025-12-26 09:11:54] Epoch Time: 2575.8s, Total Time: 2575.8s
[2025-12-26 09:11:54] ============================================================
[2025-12-26 09:11:54] ✓ Saved new best model (Acc: 84.25%) to D:\M.Tech_BITS\Semester 4\Code\Lann\LA-NN-Project\src\..\models_saved/la_nn_best.pth
[2025-12-26 09:51:15] Epoch 2 [Train]: Loss: 0.3689, Acc: 90.66%
[2025-12-26 09:53:22]   Class N: 88.65% (12016/13554)
[2025-12-26 09:53:22]   Class S: 82.01% (342/417)
[2025-12-26 09:53:22]   Class V: 96.80% (1027/1061)
[2025-12-26 09:53:22]   Class F: 85.95% (104/121)
[2025-12-26 09:53:22]   Class Q: 99.36% (930/936)
[2025-12-26 09:53:22] Epoch 2 [Val]: Loss: 0.2644, Overall Acc: 89.62%
[2025-12-26 09:53:22] Learning Rate: 0.001357
[2025-12-26 09:53:22] Epoch Time: 2488.2s, Total Time: 5064.1s
[2025-12-26 09:53:22] ============================================================
[2025-12-26 09:53:22] ✓ Saved new best model (Acc: 89.62%) to D:\M.Tech_BITS\Semester 4\Code\Lann\LA-NN-Project\src\..\models_saved/la_nn_best.pth
[2025-12-26 10:29:47] Epoch 3 [Train]: Loss: 0.2818, Acc: 94.04%
[2025-12-26 10:31:53]   Class N: 87.77% (11896/13554)
[2025-12-26 10:31:53]   Class S: 93.53% (390/417)
[2025-12-26 10:31:53]   Class V: 94.63% (1004/1061)
[2025-12-26 10:31:53]   Class F: 81.82% (99/121)
[2025-12-26 10:31:53]   Class Q: 98.72% (924/936)
[2025-12-26 10:31:53] Epoch 3 [Val]: Loss: 0.2491, Overall Acc: 88.96%
[2025-12-26 10:31:53] Learning Rate: 0.001191
[2025-12-26 10:31:53] Epoch Time: 2310.8s, Total Time: 7374.9s
[2025-12-26 10:31:53] ============================================================
[2025-12-26 11:09:26] Epoch 4 [Train]: Loss: 0.2352, Acc: 95.03%
[2025-12-26 11:11:34]   Class N: 96.64% (13099/13554)
[2025-12-26 11:11:34]   Class S: 88.97% (371/417)
[2025-12-26 11:11:34]   Class V: 96.32% (1022/1061)
[2025-12-26 11:11:34]   Class F: 80.99% (98/121)
[2025-12-26 11:11:34]   Class Q: 99.25% (929/936)
[2025-12-26 11:11:34] Epoch 4 [Val]: Loss: 0.2087, Overall Acc: 96.46%
[2025-12-26 11:11:34] Learning Rate: 0.000982
[2025-12-26 11:11:34] Epoch Time: 2380.9s, Total Time: 9755.8s
[2025-12-26 11:11:34] ============================================================
[2025-12-26 11:11:34] ✓ Saved new best model (Acc: 96.46%) to D:\M.Tech_BITS\Semester 4\Code\Lann\LA-NN-Project\src\..\models_saved/la_nn_best.pth
[2025-12-26 11:48:01] Epoch 5 [Train]: Loss: 0.1994, Acc: 95.99%
[2025-12-26 11:50:06]   Class N: 97.87% (13265/13554)
[2025-12-26 11:50:06]   Class S: 87.53% (365/417)
[2025-12-26 11:50:06]   Class V: 96.61% (1025/1061)
[2025-12-26 11:50:06]   Class F: 75.21% (91/121)
[2025-12-26 11:50:06]   Class Q: 99.04% (927/936)
[2025-12-26 11:50:06] Epoch 5 [Val]: Loss: 0.2371, Overall Acc: 97.41%
[2025-12-26 11:50:06] Learning Rate: 0.000750
[2025-12-26 11:50:06] Epoch Time: 2312.1s, Total Time: 12067.9s
[2025-12-26 11:50:06] ============================================================
[2025-12-26 11:50:06] ✓ Saved new best model (Acc: 97.41%) to D:\M.Tech_BITS\Semester 4\Code\Lann\LA-NN-Project\src\..\models_saved/la_nn_best.pth
[2025-12-26 12:49:00] Epoch 6 [Train]: Loss: 0.1718, Acc: 96.76%
[2025-12-26 12:51:05]   Class N: 97.34% (13193/13554)
[2025-12-26 12:51:05]   Class S: 90.89% (379/417)
[2025-12-26 12:51:05]   Class V: 97.46% (1034/1061)
[2025-12-26 12:51:05]   Class F: 85.95% (104/121)
[2025-12-26 12:51:05]   Class Q: 99.25% (929/936)
[2025-12-26 12:51:05] Epoch 6 [Val]: Loss: 0.1683, Overall Acc: 97.20%
[2025-12-26 12:51:05] Learning Rate: 0.000518
[2025-12-26 12:51:05] Epoch Time: 3658.7s, Total Time: 15726.7s
[2025-12-26 12:51:05] ============================================================
[2025-12-26 13:27:40] Epoch 7 [Train]: Loss: 0.1508, Acc: 97.15%
[2025-12-26 13:29:42]   Class N: 97.42% (13204/13554)
[2025-12-26 13:29:42]   Class S: 92.09% (384/417)
[2025-12-26 13:29:42]   Class V: 97.36% (1033/1061)
[2025-12-26 13:29:42]   Class F: 75.21% (91/121)
[2025-12-26 13:29:42]   Class Q: 99.47% (931/936)
[2025-12-26 13:29:42] Epoch 7 [Val]: Loss: 0.2054, Overall Acc: 97.23%
[2025-12-26 13:29:42] Learning Rate: 0.000309
[2025-12-26 13:29:42] Epoch Time: 2317.5s, Total Time: 18044.2s
[2025-12-26 13:29:42] ============================================================
