[2026-01-27 23:29:57] Training started at 20260127_232957
[2026-01-27 23:29:57] Device: cpu
[2026-01-27 23:29:57] Log file: D:\M.Tech_BITS\Semester 4\Code\Lann\LA-NN-Project\src\..\logs\training_20260127_232957.log
[2026-01-27 23:29:57] Metrics file: D:\M.Tech_BITS\Semester 4\Code\Lann\LA-NN-Project\src\..\logs\metrics_20260127_232957.csv
[2026-01-27 23:29:57] Class weights: [  1.  30.  15. 100.  15.]
[2026-01-27 23:30:03] Starting training on cpu...
[2026-01-27 23:30:03] Total epochs: 30
[2026-01-27 23:30:03] Batch size: 64
[2026-01-27 23:30:03] Learning rate: 0.0015
[2026-01-27 23:30:03] Training samples: 75082
[2026-01-27 23:30:03] Validation samples: 16089
[2026-01-27 23:30:03] ============================================================
[2026-01-28 01:10:14] Epoch 1 [Train]: Loss: 0.6587, Acc: 75.51%
[2026-01-28 01:14:52]   Class N: 83.88% (11369/13554)
[2026-01-28 01:14:52]   Class S: 87.77% (366/417)
[2026-01-28 01:14:52]   Class V: 91.89% (975/1061)
[2026-01-28 01:14:52]   Class F: 33.88% (41/121)
[2026-01-28 01:14:52]   Class Q: 97.54% (913/936)
[2026-01-28 01:14:52] Epoch 1 [Val]: Loss: 0.4792, Overall Acc: 84.93%
[2026-01-28 01:14:52] Learning Rate: 0.001463
[2026-01-28 01:14:52] Epoch Time: 6289.6s, Total Time: 6289.6s
[2026-01-28 01:14:52] ============================================================
[2026-01-28 01:14:53] ✓ Saved new best model (Acc: 84.93%) to D:\M.Tech_BITS\Semester 4\Code\Lann\LA-NN-Project\src\..\models_saved/la_nn_best.pth
[2026-01-28 02:54:42] Epoch 2 [Train]: Loss: 0.3919, Acc: 90.42%
[2026-01-28 02:59:26]   Class N: 79.41% (10763/13554)
[2026-01-28 02:59:26]   Class S: 91.85% (383/417)
[2026-01-28 02:59:26]   Class V: 91.42% (970/1061)
[2026-01-28 02:59:26]   Class F: 71.07% (86/121)
[2026-01-28 02:59:26]   Class Q: 96.37% (902/936)
[2026-01-28 02:59:26] Epoch 2 [Val]: Loss: 0.3840, Overall Acc: 81.45%
[2026-01-28 02:59:26] Learning Rate: 0.001357
[2026-01-28 02:59:26] Epoch Time: 6272.8s, Total Time: 12563.2s
[2026-01-28 02:59:26] ============================================================
[2026-01-28 04:36:50] Epoch 3 [Train]: Loss: 0.3163, Acc: 93.44%
[2026-01-28 04:42:01]   Class N: 95.60% (12957/13554)
[2026-01-28 04:42:01]   Class S: 85.85% (358/417)
[2026-01-28 04:42:01]   Class V: 97.08% (1030/1061)
[2026-01-28 04:42:01]   Class F: 63.64% (77/121)
[2026-01-28 04:42:01]   Class Q: 98.40% (921/936)
[2026-01-28 04:42:01] Epoch 3 [Val]: Loss: 0.3032, Overall Acc: 95.36%
[2026-01-28 04:42:01] Learning Rate: 0.001191
[2026-01-28 04:42:01] Epoch Time: 6155.0s, Total Time: 18718.2s
[2026-01-28 04:42:01] ============================================================
[2026-01-28 04:42:01] ✓ Saved new best model (Acc: 95.36%) to D:\M.Tech_BITS\Semester 4\Code\Lann\LA-NN-Project\src\..\models_saved/la_nn_best.pth
[2026-01-28 06:20:44] Epoch 4 [Train]: Loss: 0.2617, Acc: 95.05%
[2026-01-28 06:25:21]   Class N: 92.19% (12496/13554)
[2026-01-28 06:25:21]   Class S: 91.61% (382/417)
[2026-01-28 06:25:21]   Class V: 97.74% (1037/1061)
[2026-01-28 06:25:21]   Class F: 69.42% (84/121)
[2026-01-28 06:25:21]   Class Q: 99.15% (928/936)
[2026-01-28 06:25:21] Epoch 4 [Val]: Loss: 0.2666, Overall Acc: 92.78%
[2026-01-28 06:25:21] Learning Rate: 0.000982
[2026-01-28 06:25:21] Epoch Time: 6200.2s, Total Time: 24918.6s
[2026-01-28 06:25:21] ============================================================
[2026-01-28 08:03:26] Epoch 5 [Train]: Loss: 0.2212, Acc: 96.07%
[2026-01-28 08:09:02]   Class N: 95.92% (13001/13554)
[2026-01-28 08:09:02]   Class S: 93.05% (388/417)
[2026-01-28 08:09:02]   Class V: 96.98% (1029/1061)
[2026-01-28 08:09:02]   Class F: 80.99% (98/121)
[2026-01-28 08:09:02]   Class Q: 99.04% (927/936)
[2026-01-28 08:09:02] Epoch 5 [Val]: Loss: 0.1842, Overall Acc: 95.98%
[2026-01-28 08:09:02] Learning Rate: 0.000750
[2026-01-28 08:09:02] Epoch Time: 6220.4s, Total Time: 31139.0s
[2026-01-28 08:09:02] ============================================================
[2026-01-28 08:09:02] ✓ Saved new best model (Acc: 95.98%) to D:\M.Tech_BITS\Semester 4\Code\Lann\LA-NN-Project\src\..\models_saved/la_nn_best.pth
[2026-01-28 09:47:55] Epoch 6 [Train]: Loss: 0.1924, Acc: 96.68%
