[2026-01-31 14:45:07] Training started at 20260131_144507
[2026-01-31 14:45:07] Device: cpu
[2026-01-31 14:45:07] Log file: D:\M.Tech_BITS\Semester 4\Code\Lann\LA-NN-Project\src\..\logs\training_20260131_144507.log
[2026-01-31 14:45:07] Metrics file: D:\M.Tech_BITS\Semester 4\Code\Lann\LA-NN-Project\src\..\logs\metrics_20260131_144507.csv
[2026-01-31 14:45:07] Class weights: [  1.  30.  15. 100.  15.]
[2026-01-31 14:45:10] Starting training on cpu...
[2026-01-31 14:45:10] Total epochs: 10
[2026-01-31 14:45:10] Batch size: 64
[2026-01-31 14:45:10] Learning rate: 0.0015
[2026-01-31 14:45:10] Training samples: 75082
[2026-01-31 14:45:10] Validation samples: 16089
[2026-01-31 14:45:10] ============================================================
[2026-01-31 14:47:03] Epoch 1 [Train]: Loss: 0.6872, Acc: 78.71%
[2026-01-31 14:47:10]   Class N: 78.82% (10683/13554)
[2026-01-31 14:47:10]   Class S: 69.06% (288/417)
[2026-01-31 14:47:10]   Class V: 84.07% (892/1061)
[2026-01-31 14:47:10]   Class F: 84.30% (102/121)
[2026-01-31 14:47:10]   Class Q: 98.50% (922/936)
[2026-01-31 14:47:10] Epoch 1 [Val]: Loss: 0.4882, Overall Acc: 80.10%
[2026-01-31 14:47:10] Learning Rate: 0.001463
[2026-01-31 14:47:10] Epoch Time: 120.7s, Total Time: 120.7s
[2026-01-31 14:47:10] ============================================================
[2026-01-31 14:47:10] ✓ Saved new best model (Acc: 80.10%) to D:\M.Tech_BITS\Semester 4\Code\Lann\LA-NN-Project\src\..\models_saved/la_nn_best.pth
[2026-01-31 14:49:41] Epoch 2 [Train]: Loss: 0.4908, Acc: 87.04%
[2026-01-31 14:49:52]   Class N: 92.08% (12481/13554)
[2026-01-31 14:49:52]   Class S: 77.94% (325/417)
[2026-01-31 14:49:52]   Class V: 96.98% (1029/1061)
[2026-01-31 14:49:52]   Class F: 45.45% (55/121)
[2026-01-31 14:49:52]   Class Q: 99.25% (929/936)
[2026-01-31 14:49:52] Epoch 2 [Val]: Loss: 0.4180, Overall Acc: 92.11%
[2026-01-31 14:49:52] Learning Rate: 0.001357
[2026-01-31 14:49:52] Epoch Time: 161.8s, Total Time: 282.4s
[2026-01-31 14:49:52] ============================================================
[2026-01-31 14:49:52] ✓ Saved new best model (Acc: 92.11%) to D:\M.Tech_BITS\Semester 4\Code\Lann\LA-NN-Project\src\..\models_saved/la_nn_best.pth
[2026-01-31 14:52:06] Epoch 3 [Train]: Loss: 0.4136, Acc: 91.28%
[2026-01-31 14:52:12]   Class N: 91.16% (12356/13554)
[2026-01-31 14:52:12]   Class S: 78.90% (329/417)
[2026-01-31 14:52:12]   Class V: 90.76% (963/1061)
[2026-01-31 14:52:12]   Class F: 84.30% (102/121)
[2026-01-31 14:52:12]   Class Q: 99.36% (930/936)
[2026-01-31 14:52:12] Epoch 3 [Val]: Loss: 0.3121, Overall Acc: 91.24%
[2026-01-31 14:52:12] Learning Rate: 0.001191
[2026-01-31 14:52:12] Epoch Time: 140.3s, Total Time: 422.8s
[2026-01-31 14:52:12] ============================================================
[2026-01-31 14:54:24] Epoch 4 [Train]: Loss: 0.3629, Acc: 93.21%
[2026-01-31 14:54:36]   Class N: 98.21% (13312/13554)
[2026-01-31 14:54:36]   Class S: 69.78% (291/417)
[2026-01-31 14:54:36]   Class V: 95.19% (1010/1061)
[2026-01-31 14:54:36]   Class F: 71.07% (86/121)
[2026-01-31 14:54:36]   Class Q: 99.68% (933/936)
[2026-01-31 14:54:36] Epoch 4 [Val]: Loss: 0.3596, Overall Acc: 97.16%
[2026-01-31 14:54:36] Learning Rate: 0.000982
[2026-01-31 14:54:36] Epoch Time: 143.3s, Total Time: 566.1s
[2026-01-31 14:54:36] ============================================================
[2026-01-31 14:54:36] ✓ Saved new best model (Acc: 97.16%) to D:\M.Tech_BITS\Semester 4\Code\Lann\LA-NN-Project\src\..\models_saved/la_nn_best.pth
[2026-01-31 14:57:33] Epoch 5 [Train]: Loss: 0.3296, Acc: 94.70%
[2026-01-31 14:57:44]   Class N: 93.18% (12630/13554)
[2026-01-31 14:57:44]   Class S: 84.17% (351/417)
[2026-01-31 14:57:44]   Class V: 95.66% (1015/1061)
[2026-01-31 14:57:44]   Class F: 74.38% (90/121)
[2026-01-31 14:57:44]   Class Q: 99.57% (932/936)
[2026-01-31 14:57:44] Epoch 5 [Val]: Loss: 0.2938, Overall Acc: 93.34%
[2026-01-31 14:57:44] Learning Rate: 0.000750
[2026-01-31 14:57:44] Epoch Time: 188.5s, Total Time: 754.6s
[2026-01-31 14:57:44] ============================================================
[2026-01-31 15:00:41] Epoch 6 [Train]: Loss: 0.3254, Acc: 95.15%
[2026-01-31 15:00:53]   Class N: 97.65% (13235/13554)
[2026-01-31 15:00:53]   Class S: 67.63% (282/417)
[2026-01-31 15:00:53]   Class V: 96.42% (1023/1061)
[2026-01-31 15:00:53]   Class F: 77.69% (94/121)
[2026-01-31 15:00:53]   Class Q: 99.79% (934/936)
[2026-01-31 15:00:53] Epoch 6 [Val]: Loss: 0.2987, Overall Acc: 96.76%
[2026-01-31 15:00:53] Learning Rate: 0.000518
[2026-01-31 15:00:53] Epoch Time: 188.7s, Total Time: 943.3s
[2026-01-31 15:00:53] ============================================================
[2026-01-31 15:03:58] Epoch 7 [Train]: Loss: 0.2971, Acc: 95.85%
[2026-01-31 15:04:06]   Class N: 93.40% (12660/13554)
[2026-01-31 15:04:06]   Class S: 87.53% (365/417)
[2026-01-31 15:04:06]   Class V: 97.17% (1031/1061)
[2026-01-31 15:04:06]   Class F: 80.17% (97/121)
[2026-01-31 15:04:06]   Class Q: 99.68% (933/936)
[2026-01-31 15:04:06] Epoch 7 [Val]: Loss: 0.2343, Overall Acc: 93.77%
[2026-01-31 15:04:06] Learning Rate: 0.000309
[2026-01-31 15:04:06] Epoch Time: 193.0s, Total Time: 1136.3s
[2026-01-31 15:04:06] ============================================================
[2026-01-31 15:06:15] Epoch 8 [Train]: Loss: 0.2756, Acc: 96.12%
[2026-01-31 15:06:24]   Class N: 97.42% (13204/13554)
[2026-01-31 15:06:24]   Class S: 76.98% (321/417)
[2026-01-31 15:06:24]   Class V: 95.48% (1013/1061)
[2026-01-31 15:06:24]   Class F: 83.47% (101/121)
[2026-01-31 15:06:24]   Class Q: 99.79% (934/936)
[2026-01-31 15:06:24] Epoch 8 [Val]: Loss: 0.2469, Overall Acc: 96.79%
[2026-01-31 15:06:24] Learning Rate: 0.000143
[2026-01-31 15:06:24] Epoch Time: 138.0s, Total Time: 1274.3s
[2026-01-31 15:06:24] ============================================================
[2026-01-31 15:08:41] Epoch 9 [Train]: Loss: 0.2546, Acc: 96.48%
[2026-01-31 15:08:48]   Class N: 96.52% (13082/13554)
[2026-01-31 15:08:48]   Class S: 83.45% (348/417)
[2026-01-31 15:08:48]   Class V: 95.48% (1013/1061)
[2026-01-31 15:08:48]   Class F: 82.64% (100/121)
[2026-01-31 15:08:48]   Class Q: 99.79% (934/936)
[2026-01-31 15:08:48] Epoch 9 [Val]: Loss: 0.2320, Overall Acc: 96.20%
[2026-01-31 15:08:48] Learning Rate: 0.000037
[2026-01-31 15:08:48] Epoch Time: 143.9s, Total Time: 1418.2s
[2026-01-31 15:08:48] ============================================================
[2026-01-31 15:10:47] Epoch 10 [Train]: Loss: 0.2477, Acc: 96.70%
[2026-01-31 15:10:54]   Class N: 97.55% (13222/13554)
[2026-01-31 15:10:54]   Class S: 81.06% (338/417)
[2026-01-31 15:10:54]   Class V: 95.57% (1014/1061)
[2026-01-31 15:10:54]   Class F: 82.64% (100/121)
[2026-01-31 15:10:54]   Class Q: 99.79% (934/936)
[2026-01-31 15:10:54] Epoch 10 [Val]: Loss: 0.2216, Overall Acc: 97.01%
[2026-01-31 15:10:54] Learning Rate: 0.001500
[2026-01-31 15:10:54] Epoch Time: 126.2s, Total Time: 1544.4s
[2026-01-31 15:10:54] ============================================================
[2026-01-31 15:10:54] ✓ Saved checkpoint to D:\M.Tech_BITS\Semester 4\Code\Lann\LA-NN-Project\src\..\models_saved/la_nn_epoch_10.pth
[2026-01-31 15:10:54] ============================================================
[2026-01-31 15:10:54] Training complete!
[2026-01-31 15:10:54] Best validation accuracy: 97.16% (Epoch 4)
[2026-01-31 15:10:54] Total training time: 1544.7s
[2026-01-31 15:10:54] Logs saved to: D:\M.Tech_BITS\Semester 4\Code\Lann\LA-NN-Project\src\..\logs\training_20260131_144507.log
[2026-01-31 15:10:54] Metrics saved to: D:\M.Tech_BITS\Semester 4\Code\Lann\LA-NN-Project\src\..\logs\metrics_20260131_144507.csv
