[2026-01-31 15:11:02] Training started at 20260131_151102
[2026-01-31 15:11:02] Device: cpu
[2026-01-31 15:11:02] Log file: D:\M.Tech_BITS\Semester 4\Code\Lann\LA-NN-Project\src\..\logs\training_20260131_151102.log
[2026-01-31 15:11:02] Metrics file: D:\M.Tech_BITS\Semester 4\Code\Lann\LA-NN-Project\src\..\logs\metrics_20260131_151102.csv
[2026-01-31 15:11:02] Class weights: [  1.  30.  15. 100.  15.]
[2026-01-31 15:11:02] Starting training on cpu...
[2026-01-31 15:11:02] Total epochs: 10
[2026-01-31 15:11:02] Batch size: 64
[2026-01-31 15:11:02] Learning rate: 0.0015
[2026-01-31 15:11:02] Training samples: 75082
[2026-01-31 15:11:02] Validation samples: 16089
[2026-01-31 15:11:02] ============================================================
[2026-01-31 15:14:06] Epoch 1 [Train]: Loss: 0.9642, Acc: 59.79%
[2026-01-31 15:14:15]   Class N: 78.06% (10580/13554)
[2026-01-31 15:14:15]   Class S: 67.39% (281/417)
[2026-01-31 15:14:15]   Class V: 94.72% (1005/1061)
[2026-01-31 15:14:15]   Class F: 42.98% (52/121)
[2026-01-31 15:14:15]   Class Q: 94.23% (882/936)
[2026-01-31 15:14:15] Epoch 1 [Val]: Loss: 0.5837, Overall Acc: 79.56%
[2026-01-31 15:14:15] Learning Rate: 0.001463
[2026-01-31 15:14:15] Epoch Time: 192.9s, Total Time: 192.9s
[2026-01-31 15:14:15] ============================================================
[2026-01-31 15:14:15] ✓ Saved new best model (Acc: 79.56%) to D:\M.Tech_BITS\Semester 4\Code\Lann\LA-NN-Project\src\..\models_saved/la_nn_best.pth
[2026-01-31 15:17:28] Epoch 2 [Train]: Loss: 0.5777, Acc: 79.44%
[2026-01-31 15:17:37]   Class N: 67.69% (9175/13554)
[2026-01-31 15:17:37]   Class S: 67.39% (281/417)
[2026-01-31 15:17:37]   Class V: 94.82% (1006/1061)
[2026-01-31 15:17:37]   Class F: 58.68% (71/121)
[2026-01-31 15:17:37]   Class Q: 95.83% (897/936)
[2026-01-31 15:17:37] Epoch 2 [Val]: Loss: 0.5195, Overall Acc: 71.04%
[2026-01-31 15:17:37] Learning Rate: 0.001357
[2026-01-31 15:17:37] Epoch Time: 201.6s, Total Time: 394.6s
[2026-01-31 15:17:37] ============================================================
[2026-01-31 15:20:43] Epoch 3 [Train]: Loss: 0.4729, Acc: 87.14%
[2026-01-31 15:20:51]   Class N: 89.61% (12146/13554)
[2026-01-31 15:20:51]   Class S: 77.22% (322/417)
[2026-01-31 15:20:51]   Class V: 97.08% (1030/1061)
[2026-01-31 15:20:51]   Class F: 57.02% (69/121)
[2026-01-31 15:20:51]   Class Q: 98.93% (926/936)
[2026-01-31 15:20:51] Epoch 3 [Val]: Loss: 0.4135, Overall Acc: 90.08%
[2026-01-31 15:20:51] Learning Rate: 0.001191
[2026-01-31 15:20:51] Epoch Time: 194.2s, Total Time: 588.8s
[2026-01-31 15:20:51] ============================================================
[2026-01-31 15:20:51] ✓ Saved new best model (Acc: 90.08%) to D:\M.Tech_BITS\Semester 4\Code\Lann\LA-NN-Project\src\..\models_saved/la_nn_best.pth
[2026-01-31 15:23:47] Epoch 4 [Train]: Loss: 0.3845, Acc: 90.51%
[2026-01-31 15:23:55]   Class N: 93.49% (12672/13554)
[2026-01-31 15:23:55]   Class S: 75.30% (314/417)
[2026-01-31 15:23:55]   Class V: 96.32% (1022/1061)
[2026-01-31 15:23:55]   Class F: 73.55% (89/121)
[2026-01-31 15:23:55]   Class Q: 98.29% (920/936)
[2026-01-31 15:23:55] Epoch 4 [Val]: Loss: 0.3178, Overall Acc: 93.34%
[2026-01-31 15:23:55] Learning Rate: 0.000982
[2026-01-31 15:23:55] Epoch Time: 184.1s, Total Time: 772.9s
[2026-01-31 15:23:55] ============================================================
[2026-01-31 15:23:55] ✓ Saved new best model (Acc: 93.34%) to D:\M.Tech_BITS\Semester 4\Code\Lann\LA-NN-Project\src\..\models_saved/la_nn_best.pth
[2026-01-31 15:26:47] Epoch 5 [Train]: Loss: 0.3268, Acc: 93.22%
[2026-01-31 15:26:56]   Class N: 92.22% (12500/13554)
[2026-01-31 15:26:56]   Class S: 84.65% (353/417)
[2026-01-31 15:26:56]   Class V: 90.10% (956/1061)
[2026-01-31 15:26:56]   Class F: 82.64% (100/121)
[2026-01-31 15:26:56]   Class Q: 98.93% (926/936)
[2026-01-31 15:26:56] Epoch 5 [Val]: Loss: 0.2778, Overall Acc: 92.21%
[2026-01-31 15:26:56] Learning Rate: 0.000750
[2026-01-31 15:26:56] Epoch Time: 180.5s, Total Time: 953.5s
[2026-01-31 15:26:56] ============================================================
[2026-01-31 15:29:49] Epoch 6 [Train]: Loss: 0.2733, Acc: 94.66%
[2026-01-31 15:29:58]   Class N: 94.27% (12778/13554)
[2026-01-31 15:29:58]   Class S: 87.05% (363/417)
[2026-01-31 15:29:58]   Class V: 97.46% (1034/1061)
[2026-01-31 15:29:58]   Class F: 84.30% (102/121)
[2026-01-31 15:29:58]   Class Q: 98.72% (924/936)
[2026-01-31 15:29:58] Epoch 6 [Val]: Loss: 0.1974, Overall Acc: 94.48%
[2026-01-31 15:29:58] Learning Rate: 0.000518
[2026-01-31 15:29:58] Epoch Time: 182.3s, Total Time: 1135.8s
[2026-01-31 15:29:58] ============================================================
[2026-01-31 15:29:58] ✓ Saved new best model (Acc: 94.48%) to D:\M.Tech_BITS\Semester 4\Code\Lann\LA-NN-Project\src\..\models_saved/la_nn_best.pth
[2026-01-31 15:32:53] Epoch 7 [Train]: Loss: 0.2395, Acc: 95.45%
[2026-01-31 15:33:02]   Class N: 91.87% (12452/13554)
[2026-01-31 15:33:02]   Class S: 90.65% (378/417)
[2026-01-31 15:33:02]   Class V: 98.02% (1040/1061)
[2026-01-31 15:33:02]   Class F: 77.69% (94/121)
[2026-01-31 15:33:02]   Class Q: 99.04% (927/936)
[2026-01-31 15:33:02] Epoch 7 [Val]: Loss: 0.2216, Overall Acc: 92.55%
[2026-01-31 15:33:02] Learning Rate: 0.000309
[2026-01-31 15:33:02] Epoch Time: 183.5s, Total Time: 1319.3s
[2026-01-31 15:33:02] ============================================================
[2026-01-31 15:35:55] Epoch 8 [Train]: Loss: 0.2111, Acc: 96.12%
[2026-01-31 15:36:04]   Class N: 96.13% (13029/13554)
[2026-01-31 15:36:04]   Class S: 88.49% (369/417)
[2026-01-31 15:36:04]   Class V: 98.40% (1044/1061)
[2026-01-31 15:36:04]   Class F: 82.64% (100/121)
[2026-01-31 15:36:04]   Class Q: 99.57% (932/936)
[2026-01-31 15:36:04] Epoch 8 [Val]: Loss: 0.1882, Overall Acc: 96.18%
[2026-01-31 15:36:04] Learning Rate: 0.000143
[2026-01-31 15:36:04] Epoch Time: 182.2s, Total Time: 1501.5s
[2026-01-31 15:36:04] ============================================================
[2026-01-31 15:36:04] ✓ Saved new best model (Acc: 96.18%) to D:\M.Tech_BITS\Semester 4\Code\Lann\LA-NN-Project\src\..\models_saved/la_nn_best.pth
[2026-01-31 15:38:56] Epoch 9 [Train]: Loss: 0.1849, Acc: 96.69%
[2026-01-31 15:39:04]   Class N: 97.26% (13182/13554)
[2026-01-31 15:39:04]   Class S: 88.01% (367/417)
[2026-01-31 15:39:04]   Class V: 97.93% (1039/1061)
[2026-01-31 15:39:05]   Class F: 82.64% (100/121)
[2026-01-31 15:39:05]   Class Q: 99.36% (930/936)
[2026-01-31 15:39:05] Epoch 9 [Val]: Loss: 0.1757, Overall Acc: 97.07%
[2026-01-31 15:39:05] Learning Rate: 0.000037
[2026-01-31 15:39:05] Epoch Time: 180.7s, Total Time: 1682.2s
[2026-01-31 15:39:05] ============================================================
[2026-01-31 15:39:05] ✓ Saved new best model (Acc: 97.07%) to D:\M.Tech_BITS\Semester 4\Code\Lann\LA-NN-Project\src\..\models_saved/la_nn_best.pth
[2026-01-31 15:41:56] Epoch 10 [Train]: Loss: 0.1728, Acc: 96.92%
[2026-01-31 15:42:05]   Class N: 97.20% (13175/13554)
[2026-01-31 15:42:05]   Class S: 88.49% (369/417)
[2026-01-31 15:42:05]   Class V: 98.30% (1043/1061)
[2026-01-31 15:42:05]   Class F: 83.47% (101/121)
[2026-01-31 15:42:05]   Class Q: 99.36% (930/936)
[2026-01-31 15:42:05] Epoch 10 [Val]: Loss: 0.1746, Overall Acc: 97.07%
[2026-01-31 15:42:05] Learning Rate: 0.001500
[2026-01-31 15:42:05] Epoch Time: 180.2s, Total Time: 1862.4s
[2026-01-31 15:42:05] ============================================================
[2026-01-31 15:42:05] ✓ Saved checkpoint to D:\M.Tech_BITS\Semester 4\Code\Lann\LA-NN-Project\src\..\models_saved/la_nn_epoch_10.pth
[2026-01-31 15:42:05] ============================================================
[2026-01-31 15:42:05] Training complete!
[2026-01-31 15:42:05] Best validation accuracy: 97.07% (Epoch 9)
[2026-01-31 15:42:05] Total training time: 1862.4s
[2026-01-31 15:42:05] Logs saved to: D:\M.Tech_BITS\Semester 4\Code\Lann\LA-NN-Project\src\..\logs\training_20260131_151102.log
[2026-01-31 15:42:05] Metrics saved to: D:\M.Tech_BITS\Semester 4\Code\Lann\LA-NN-Project\src\..\logs\metrics_20260131_151102.csv
