[2025-12-26 03:01:54] Training started at 20251226_030154
[2025-12-26 03:01:54] Device: cpu
[2025-12-26 03:01:54] Log file: D:\M.Tech_BITS\Semester 4\Code\Lann\LA-NN-Project\src\..\logs\training_20251226_030154.log
[2025-12-26 03:01:54] Metrics file: D:\M.Tech_BITS\Semester 4\Code\Lann\LA-NN-Project\src\..\logs\metrics_20251226_030154.csv
[2025-12-26 03:01:54] Class weights: [  1.  30.  15. 100.  15.]
[2025-12-26 03:01:57] Starting training on cpu...
[2025-12-26 03:01:57] Total epochs: 30
[2025-12-26 03:01:57] Batch size: 64
[2025-12-26 03:01:57] Learning rate: 0.0015
[2025-12-26 03:01:57] Training samples: 75082
[2025-12-26 03:01:57] Validation samples: 16089
[2025-12-26 03:01:57] ============================================================
[2025-12-26 03:41:45] Epoch 1 [Train]: Loss: 0.6723, Acc: 75.65%
[2025-12-26 03:43:59]   Class N: 78.52% (10643/13554)
[2025-12-26 03:43:59]   Class S: 82.49% (344/417)
[2025-12-26 03:43:59]   Class V: 91.80% (974/1061)
[2025-12-26 03:43:59]   Class F: 77.69% (94/121)
[2025-12-26 03:43:59]   Class Q: 98.50% (922/936)
[2025-12-26 03:43:59] Epoch 1 [Val]: Loss: 0.3719, Overall Acc: 80.66%
[2025-12-26 03:43:59] Learning Rate: 0.001463
[2025-12-26 03:43:59] Epoch Time: 2522.1s, Total Time: 2522.1s
[2025-12-26 03:43:59] ============================================================
